// Jest Snapshot v1, https://goo.gl/fbAQLP

exports[`<If /> Should renderProvider and match the snapshot 1`] = `
<body>
  <div />
</body>
`;
