// Jest Snapshot v1, https://goo.gl/fbAQLP

exports[`<Container/> should ensure it match the snapshot 1`] = `undefined`;
